
> kine-sight@0.1.0 build
> tsc -b && vite build

node.exe : [31mfailed 
to load config from C:\
IMMORTAL\Codes\Projects
\Kine_Sight_Runanywhere
SDK\Kine-Sight\vite.con
fig.ts[39m
At line:1 char:1
+ & "C:\Program 
Files\nodejs/node.exe" 
"C:\Program 
Files\nodejs/node_mo 
...
+ ~~~~~~~~~~~~~~~~~~~~~
~~~~~~~~~~~~~~~~~~~~~~~
~~~~~~~~~~~~~~~~~~~~~~~
~~
    + CategoryInfo     
         : NotSpecifi  
  ed: ([31mfailed t   
 o ....config.ts[3    
9m:String) [], Rem    
oteException
    + FullyQualifiedEr 
   rorId : NativeComm  
  andError
 
[31merror during 
build:
Error [ERR_MODULE_NOT_F
OUND]: Cannot find 
package 
'vite-plugin-pwa' 
imported from C:\IMMORT
AL\Codes\Projects\Kine_
Sight_RunanywhereSDK\Ki
ne-Sight\node_modules\.
vite-temp\vite.config.t
s.timestamp-17742733539
34-40e0e47c0fdf.mjs
    at Object.getPackag
eJSONURL (node:internal
/modules/package_json_r
eader:255:9)
    at packageResolve (
node:internal/modules/e
sm/resolve:767:81)
    at moduleResolve (n
ode:internal/modules/es
m/resolve:853:18)
    at defaultResolve (
node:internal/modules/e
sm/resolve:983:11)
    at ModuleLoader.def
aultResolve (node:inter
nal/modules/esm/loader:
783:12)
    at 
#cachedDefaultResolve (
node:internal/modules/e
sm/loader:707:25)
    at 
ModuleLoader.resolve (n
ode:internal/modules/es
m/loader:690:38)
    at ModuleLoader.get
ModuleJobForImport (nod
e:internal/modules/esm/
loader:307:38)
    at ModuleJob._link 
(node:internal/modules/
esm/module_job:183:49)
[39m
